
> astegon@0.1.0 build
> next build

node.exe : ΓÜá Warning: Next.js 
inferred your workspace root, but it 
may not be correct.
At line:1 char:1
+ & "C:\Program Files\nodejs/node.exe" 
"C:\Users\rajun\AppData\Roaming\ ...
+ ~~~~~~~~~~~~~~~~~~~~~~~~~~~~~~~~~~~~~
~~~~~~~~~~~~~~~~~~~~~~~~~~~~~~~~
    + CategoryInfo          : NotSpeci 
   fied: (ΓÜá Warning: Ne...not be co  
  rrect.:String) [], RemoteException
    + FullyQualifiedErrorId : NativeCo 
   mmandError
 
 We detected multiple lockfiles and 
selected the directory of 
C:\Users\rajun\package-lock.json as 
the root directory.
 To silence this warning, set 
`turbopack.root` in your Next.js 
config, or consider removing one of 
the lockfiles if it's not needed.
   See https://nextjs.org/docs/app/api-
reference/config/next-config-js/turbopa
ck#root-directory for more information.
 Detected additional lockfiles: 
   * C:\Users\rajun\Documents\astegon\p
ackage-lock.json

Γû▓ Next.js 16.1.1 (Turbopack)
- Environments: .env

  Creating an optimized production build ...
Γ£ô Compiled successfully in 4.8s
  Running TypeScript ...
Failed to compile.

./app/admin/contests/manage/editor/Cont
estForm.tsx:151:46
Type error: Parameter 'rule' 
implicitly has an 'any' type.

[0m [90m 149 |[39m                  
   [33m<[39m[33m/[39m[33mdiv[39m
[33m>[39m
 [90m 150 |[39m                     
[33m<[39m[33mdiv[39m className[33m
=[39m[32m"space-y-3"[39m[33m>[39m
[31m[1m>[22m[39m[90m 151 |[39m   
                      {formData[33m.[
39mrules[33m.[39mmap((rule[33m,[39m
 idx) [33m=>[39m (
 [90m     |[39m                      
                        
[31m[1m^[22m[39m
 [90m 152 |[39m                      
       [33m<[39m[33mdiv[39m 
key[33m=[39m{idx} 
className[33m=[39m[32m"flex 
gap-2"[39m[33m>[39m
 [90m 153 |[39m                      
           [33m<[39m[33minput[39m 
type[33m=[39m[32m"text"[39m 
value[33m=[39m{rule} 
onChange[33m=[39m{(e) [33m=>[39m 
handleArrayChange(idx[33m,[39m 
[32m'rules'[39m[33m,[39m 
e[33m.[39mtarget[33m.[39mvalue)} 
className[33m=[39m[32m"flex-1 
bg-black border border-white/10 
rounded-lg px-3 py-2 text-sm 
text-white focus:outline-none 
focus:ring-1 focus:ring-white/20"[39m 
placeholder[33m=[39m[32m"Rule 
detail..."[39m [33m/[39m[33m>[39m
 [90m 154 |[39m                      
           [33m<[39m[33mbutton[39m 
type[33m=[39m[32m"button"[39m 
onClick[33m=[39m{() [33m=>[39m 
removeArrayItem(idx[33m,[39m 
[32m'rules'[39m)} 
className[33m=[39m[32m"p-2 
text-gray-500 hover:text-red-400 transi
tion-colors"[39m[33m>[39m[33m<[39m
[33mX[39m 
className[33m=[39m[32m"w-4 
h-4"[39m [33m/[39m[33m>[39m[33m<
[39m[33m/[39m[33mbutton[39m[33m>[
39m[0m
Next.js build worker exited with code: 
1 and signal: null
