
> astegon@0.1.0 build
> next build

node.exe : ΓÜá Warning: Next.js inferred your workspace root, but it may not be correct.
At line:1 char:1
+ & "C:\Program Files\nodejs/node.exe" "C:\Users\rajun\AppData\Roaming\ ...
+ ~~~~~~~~~~~~~~~~~~~~~~~~~~~~~~~~~~~~~~~~~~~~~~~~~~~~~~~~~~~~~~~~~~~~~
    + CategoryInfo          : NotSpecified: (ΓÜá Warning: Ne...not be correct.:String) [], 
    RemoteException
    + FullyQualifiedErrorId : NativeCommandError
 
 We detected multiple lockfiles and selected the directory of 
C:\Users\rajun\package-lock.json as the root directory.
 To silence this warning, set `turbopack.root` in your Next.js config, or consider 
removing one of the lockfiles if it's not needed.
   See 
https://nextjs.org/docs/app/api-reference/config/next-config-js/turbopack#root-directory 
for more information.
 Detected additional lockfiles: 
   * C:\Users\rajun\Documents\astegon\package-lock.json

Γû▓ Next.js 16.1.1 (Turbopack)
- Environments: .env

  Creating an optimized production build ...
Γ£ô Compiled successfully in 3.0s
  Running TypeScript ...
Failed to compile.

./components/ui/Button.tsx:24:14
Type error: Type '{ children: (string | number | bigint | boolean | Element | 
Iterable<ReactNode> | Promise<AwaitedReactNode> | null | undefined)[]; ... 290 more ...; 
disabled: boolean; }' is not assignable to type 'Omit<HTMLMotionProps<"button">, "ref">'.
  Types of property 'onAnimationStart' are incompatible.
    Type 'AnimationEventHandler<HTMLButtonElement> | undefined' is not assignable to type 
'((definition: AnimationDefinition) => void) | undefined'.
      Type 'AnimationEventHandler<HTMLButtonElement>' is not assignable to type 
'(definition: AnimationDefinition) => void'.
        Types of parameters 'event' and 'definition' are incompatible.
          Type 'AnimationDefinition' is not assignable to type 
'AnimationEvent<HTMLButtonElement>'.
            Type 'string' is not assignable to type 'AnimationEvent<HTMLButtonElement>'.

[0m [90m 22 |[39m
 [90m 23 |[39m         [36mreturn[39m (
[31m[1m>[22m[39m[90m 24 |[39m             
[33m<[39m[33mmotion[39m[33m.[39mbutton
 [90m    |[39m              [31m[1m^[22m[39m
 [90m 25 |[39m                 ref[33m=[39m{ref}
 [90m 26 |[39m                 whileHover[33m=[39m{disabled [33m||[39m isLoading 
[33m?[39m {} [33m:[39m { scale[33m:[39m [35m1.05[39m }}
 [90m 27 |[39m                 whileTap[33m=[39m{disabled [33m||[39m isLoading 
[33m?[39m {} [33m:[39m { scale[33m:[39m [35m0.95[39m }}[0m
Next.js build worker exited with code: 1 and signal: null
